/page2.html (5 hits)
/image.jpg (2 hits)
/page3.html (2 hits)
/chat.png (1 hits)
/script.js (1 hits)
/page1.html (1 hits)
Image générée