/page2.html (3 hits)
/image.jpg (1 hits)
/page3.html (1 hits)
/page1.html (1 hits)