Pas assez d'arguments
Usage : ./prog [-g name.dot] [-t hour] [-e] logFile