/SiteWebIF/Intranet-etudiant.php (403 hits)
/temps/style_emploi_du_temps.css (248 hits)
/temps/FondInsa.jpg (238 hits)
/temps/choix.gif (236 hits)
/temps/precedent.gif (235 hits)
/temps/suivant.gif (234 hits)
/temps/InsaIF.ico (162 hits)
/temps/ (153 hits)
/temps/3IF1.ics (115 hits)
/temps/3IF39.html (111 hits)
Pas de graphique demand√©