[FONCTION getServeurFromConfigFile] Erreur lors de l'ouverture du fichier de configuration
[FONCTION getIgnoredFileFromConfigFile] Erreur lors de l'ouverture du fichier de configuration
/page2.html (5 hits)
/image.jpg (2 hits)
/page3.html (2 hits)
/chat.png (1 hits)
/script.js (1 hits)
/page1.html (1 hits)
Pas de graphique demand√©