/page2.html (5 hits)
/page3.html (2 hits)
/page1.html (1 hits)
Pas de graphique demandÃ©